config/loadEnv.ts(5,1): error TS6133: 'log' is declared but its value is never read.
node_modules/@prisma/client/runtime/query_compiler_bg.postgresql.js(1,158): error TS7006: Parameter 'e' implicitly has an 'any' type.
node_modules/@prisma/client/runtime/query_compiler_bg.postgresql.js(1,160): error TS7006: Parameter 't' implicitly has an 'any' type.
node_modules/@prisma/client/runtime/query_compiler_bg.postgresql.js(1,216): error TS7006: Parameter 'e' implicitly has an 'any' type.
node_modules/@prisma/client/runtime/query_compiler_bg.postgresql.js(1,218): error TS7006: Parameter 't' implicitly has an 'any' type.
node_modules/@prisma/client/runtime/query_compiler_bg.postgresql.js(1,220): error TS7006: Parameter 'n' implicitly has an 'any' type.
node_modules/@prisma/client/runtime/query_compiler_bg.postgresql.js(1,222): error TS7006: Parameter '_' implicitly has an 'any' type.
node_modules/@prisma/client/runtime/query_compiler_bg.postgresql.js(1,388): error TS7006: Parameter 'e' implicitly has an 'any' type.
node_modules/@prisma/client/runtime/query_compiler_bg.postgresql.js(1,2086): error TS7034: Variable 'o' implicitly has type 'any' in some locations where its type cannot be determined.
node_modules/@prisma/client/runtime/query_compiler_bg.postgresql.js(1,2099): error TS7006: Parameter 'e' implicitly has an 'any' type.
node_modules/@prisma/client/runtime/query_compiler_bg.postgresql.js(1,2110): error TS7034: Variable 'p' implicitly has type 'any' in some locations where its type cannot be determined.
node_modules/@prisma/client/runtime/query_compiler_bg.postgresql.js(1,2137): error TS7005: Variable 'p' implicitly has an 'any' type.
node_modules/@prisma/client/runtime/query_compiler_bg.postgresql.js(1,2147): error TS7005: Variable 'p' implicitly has an 'any' type.
node_modules/@prisma/client/runtime/query_compiler_bg.postgresql.js(1,2184): error TS7005: Variable 'o' implicitly has an 'any' type.
node_modules/@prisma/client/runtime/query_compiler_bg.postgresql.js(1,2202): error TS7005: Variable 'p' implicitly has an 'any' type.
node_modules/@prisma/client/runtime/query_compiler_bg.postgresql.js(1,2308): error TS7006: Parameter 'e' implicitly has an 'any' type.
node_modules/@prisma/client/runtime/query_compiler_bg.postgresql.js(1,2310): error TS7006: Parameter 't' implicitly has an 'any' type.
node_modules/@prisma/client/runtime/query_compiler_bg.postgresql.js(1,2440): error TS7006: Parameter 'e' implicitly has an 'any' type.
node_modules/@prisma/client/runtime/query_compiler_bg.postgresql.js(1,2442): error TS7006: Parameter 't' implicitly has an 'any' type.
node_modules/@prisma/client/runtime/query_compiler_bg.postgresql.js(1,2520): error TS2339: Property 'encodeInto' does not exist on type 'never'.
node_modules/@prisma/client/runtime/query_compiler_bg.postgresql.js(1,2540): error TS7006: Parameter 'e' implicitly has an 'any' type.
node_modules/@prisma/client/runtime/query_compiler_bg.postgresql.js(1,2542): error TS7006: Parameter 't' implicitly has an 'any' type.
node_modules/@prisma/client/runtime/query_compiler_bg.postgresql.js(1,2555): error TS2339: Property 'encode' does not exist on type 'never'.
node_modules/@prisma/client/runtime/query_compiler_bg.postgresql.js(1,2627): error TS7006: Parameter 'e' implicitly has an 'any' type.
node_modules/@prisma/client/runtime/query_compiler_bg.postgresql.js(1,2629): error TS7006: Parameter 't' implicitly has an 'any' type.
node_modules/@prisma/client/runtime/query_compiler_bg.postgresql.js(1,2631): error TS7006: Parameter 'n' implicitly has an 'any' type.
node_modules/@prisma/client/runtime/query_compiler_bg.postgresql.js(1,3012): error TS7034: Variable 'b' implicitly has type 'any' in some locations where its type cannot be determined.
node_modules/@prisma/client/runtime/query_compiler_bg.postgresql.js(1,3039): error TS7005: Variable 'b' implicitly has an 'any' type.
node_modules/@prisma/client/runtime/query_compiler_bg.postgresql.js(1,3049): error TS7005: Variable 'b' implicitly has an 'any' type.
node_modules/@prisma/client/runtime/query_compiler_bg.postgresql.js(1,3073): error TS7005: Variable 'b' implicitly has an 'any' type.
node_modules/@prisma/client/runtime/query_compiler_bg.postgresql.js(1,3101): error TS7005: Variable 'b' implicitly has an 'any' type.
node_modules/@prisma/client/runtime/query_compiler_bg.postgresql.js(1,3112): error TS7005: Variable 'o' implicitly has an 'any' type.
node_modules/@prisma/client/runtime/query_compiler_bg.postgresql.js(1,3146): error TS7005: Variable 'o' implicitly has an 'any' type.
node_modules/@prisma/client/runtime/query_compiler_bg.postgresql.js(1,3164): error TS7005: Variable 'b' implicitly has an 'any' type.
node_modules/@prisma/client/runtime/query_compiler_bg.postgresql.js(1,3177): error TS7006: Parameter 'e' implicitly has an 'any' type.
node_modules/@prisma/client/runtime/query_compiler_bg.postgresql.js(1,3206): error TS7006: Parameter 'e' implicitly has an 'any' type.
node_modules/@prisma/client/runtime/query_compiler_bg.postgresql.js(2,26): error TS7006: Parameter 'e' implicitly has an 'any' type.
node_modules/@prisma/client/runtime/query_compiler_bg.postgresql.js(2,28): error TS7006: Parameter 't' implicitly has an 'any' type.
node_modules/@prisma/client/runtime/query_compiler_bg.postgresql.js(2,81): error TS7006: Parameter 'e' implicitly has an 'any' type.
node_modules/@prisma/client/runtime/query_compiler_bg.postgresql.js(2,92): error TS7005: Variable 'o' implicitly has an 'any' type.
node_modules/@prisma/client/runtime/query_compiler_bg.postgresql.js(2,130): error TS7005: Variable 'o' implicitly has an 'any' type.
node_modules/@prisma/client/runtime/query_compiler_bg.postgresql.js(2,178): error TS2304: Cannot find name 'FinalizationRegistry'.
node_modules/@prisma/client/runtime/query_compiler_bg.postgresql.js(2,243): error TS2304: Cannot find name 'FinalizationRegistry'.
node_modules/@prisma/client/runtime/query_compiler_bg.postgresql.js(2,264): error TS7006: Parameter 'e' implicitly has an 'any' type.
node_modules/@prisma/client/runtime/query_compiler_bg.postgresql.js(2,267): error TS7005: Variable 'o' implicitly has an 'any' type.
node_modules/@prisma/client/runtime/query_compiler_bg.postgresql.js(2,442): error TS7005: Variable 'o' implicitly has an 'any' type.
node_modules/@prisma/client/runtime/query_compiler_bg.postgresql.js(2,487): error TS7006: Parameter 't' implicitly has an 'any' type.
node_modules/@prisma/client/runtime/query_compiler_bg.postgresql.js(2,502): error TS7005: Variable 'o' implicitly has an 'any' type.
node_modules/@prisma/client/runtime/query_compiler_bg.postgresql.js(2,522): error TS7005: Variable 'o' implicitly has an 'any' type.
node_modules/@prisma/client/runtime/query_compiler_bg.postgresql.js(2,550): error TS7005: Variable 'o' implicitly has an 'any' type.
node_modules/@prisma/client/runtime/query_compiler_bg.postgresql.js(2,648): error TS7006: Parameter 't' implicitly has an 'any' type.
node_modules/@prisma/client/runtime/query_compiler_bg.postgresql.js(2,659): error TS7005: Variable 'o' implicitly has an 'any' type.
node_modules/@prisma/client/runtime/query_compiler_bg.postgresql.js(2,785): error TS7006: Parameter 't' implicitly has an 'any' type.
node_modules/@prisma/client/runtime/query_compiler_bg.postgresql.js(2,800): error TS7005: Variable 'o' implicitly has an 'any' type.
node_modules/@prisma/client/runtime/query_compiler_bg.postgresql.js(2,820): error TS7005: Variable 'o' implicitly has an 'any' type.
node_modules/@prisma/client/runtime/query_compiler_bg.postgresql.js(2,848): error TS7005: Variable 'o' implicitly has an 'any' type.
node_modules/@prisma/client/runtime/query_compiler_bg.postgresql.js(2,947): error TS7053: Element implicitly has an 'any' type because expression of type 'unique symbol' can't be used to index type 'F'.
  Property '[SymbolConstructor.dispose]' does not exist on type 'F'.
node_modules/@prisma/client/runtime/query_compiler_bg.postgresql.js(2,1004): error TS7006: Parameter 'e' implicitly has an 'any' type.
node_modules/@prisma/client/runtime/query_compiler_bg.postgresql.js(2,1006): error TS7006: Parameter 't' implicitly has an 'any' type.
node_modules/@prisma/client/runtime/query_compiler_bg.postgresql.js(2,1041): error TS7006: Parameter 'e' implicitly has an 'any' type.
node_modules/@prisma/client/runtime/query_compiler_bg.postgresql.js(2,1072): error TS7006: Parameter 'e' implicitly has an 'any' type.
node_modules/@prisma/client/runtime/query_compiler_bg.postgresql.js(2,1074): error TS7006: Parameter 't' implicitly has an 'any' type.
node_modules/@prisma/client/runtime/query_compiler_bg.postgresql.js(2,1101): error TS7005: Variable 'o' implicitly has an 'any' type.
node_modules/@prisma/client/runtime/query_compiler_bg.postgresql.js(2,1121): error TS7005: Variable 'o' implicitly has an 'any' type.
node_modules/@prisma/client/runtime/query_compiler_bg.postgresql.js(2,1208): error TS7006: Parameter 'e' implicitly has an 'any' type.
node_modules/@prisma/client/runtime/query_compiler_bg.postgresql.js(2,1290): error TS7006: Parameter 'e' implicitly has an 'any' type.
node_modules/@prisma/client/runtime/query_compiler_bg.postgresql.js(2,1292): error TS7006: Parameter 't' implicitly has an 'any' type.
node_modules/@prisma/client/runtime/query_compiler_bg.postgresql.js(2,1314): error TS7005: Variable 'o' implicitly has an 'any' type.
node_modules/@prisma/client/runtime/query_compiler_bg.postgresql.js(2,1334): error TS7005: Variable 'o' implicitly has an 'any' type.
node_modules/@prisma/client/runtime/query_compiler_bg.postgresql.js(2,1421): error TS7006: Parameter 'e' implicitly has an 'any' type.
node_modules/@prisma/client/runtime/query_compiler_bg.postgresql.js(2,1423): error TS7006: Parameter 't' implicitly has an 'any' type.
node_modules/@prisma/client/runtime/query_compiler_bg.postgresql.js(2,1451): error TS7006: Parameter 'e' implicitly has an 'any' type.
node_modules/@prisma/client/runtime/query_compiler_bg.postgresql.js(2,1511): error TS7006: Parameter 'e' implicitly has an 'any' type.
node_modules/@prisma/client/runtime/query_compiler_bg.postgresql.js(2,1551): error TS7006: Parameter 'e' implicitly has an 'any' type.
node_modules/@prisma/client/runtime/query_compiler_bg.postgresql.js(2,1583): error TS7006: Parameter 'e' implicitly has an 'any' type.
node_modules/@prisma/client/runtime/query_compiler_bg.postgresql.js(2,1585): error TS7006: Parameter 't' implicitly has an 'any' type.
node_modules/@prisma/client/runtime/query_compiler_bg.postgresql.js(2,1611): error TS7006: Parameter 'e' implicitly has an 'any' type.
node_modules/@prisma/client/runtime/query_compiler_bg.postgresql.js(2,1613): error TS7006: Parameter 't' implicitly has an 'any' type.
node_modules/@prisma/client/runtime/query_compiler_bg.postgresql.js(2,1730): error TS7006: Parameter 'e' implicitly has an 'any' type.
node_modules/@prisma/client/runtime/query_compiler_bg.postgresql.js(2,1732): error TS7006: Parameter 't' implicitly has an 'any' type.
node_modules/@prisma/client/runtime/query_compiler_bg.postgresql.js(2,1792): error TS7005: Variable 'o' implicitly has an 'any' type.
node_modules/@prisma/client/runtime/query_compiler_bg.postgresql.js(2,1812): error TS7005: Variable 'o' implicitly has an 'any' type.
node_modules/@prisma/client/runtime/query_compiler_bg.postgresql.js(2,1899): error TS7006: Parameter 'e' implicitly has an 'any' type.
node_modules/@prisma/client/runtime/query_compiler_bg.postgresql.js(2,1901): error TS7006: Parameter 't' implicitly has an 'any' type.
node_modules/@prisma/client/runtime/query_compiler_bg.postgresql.js(2,1939): error TS7006: Parameter 'e' implicitly has an 'any' type.
node_modules/@prisma/client/runtime/query_compiler_bg.postgresql.js(2,1978): error TS7006: Parameter 'e' implicitly has an 'any' type.
node_modules/@prisma/client/runtime/query_compiler_bg.postgresql.js(2,2011): error TS7006: Parameter 'e' implicitly has an 'any' type.
node_modules/@prisma/client/runtime/query_compiler_bg.postgresql.js(2,2013): error TS7006: Parameter 't' implicitly has an 'any' type.
node_modules/@prisma/client/runtime/query_compiler_bg.postgresql.js(2,2043): error TS7006: Parameter 'e' implicitly has an 'any' type.
node_modules/@prisma/client/runtime/query_compiler_bg.postgresql.js(2,2045): error TS7006: Parameter 't' implicitly has an 'any' type.
node_modules/@prisma/client/runtime/query_compiler_bg.postgresql.js(2,2072): error TS7006: Parameter 'e' implicitly has an 'any' type.
node_modules/@prisma/client/runtime/query_compiler_bg.postgresql.js(2,2144): error TS7006: Parameter 'e' implicitly has an 'any' type.
node_modules/@prisma/client/runtime/query_compiler_bg.postgresql.js(2,2215): error TS7006: Parameter 'e' implicitly has an 'any' type.
node_modules/@prisma/client/runtime/query_compiler_bg.postgresql.js(2,2261): error TS7006: Parameter 'e' implicitly has an 'any' type.
node_modules/@prisma/client/runtime/query_compiler_bg.postgresql.js(2,2292): error TS7006: Parameter 'e' implicitly has an 'any' type.
node_modules/@prisma/client/runtime/query_compiler_bg.postgresql.js(2,2385): error TS7006: Parameter 'e' implicitly has an 'any' type.
node_modules/@prisma/client/runtime/query_compiler_bg.postgresql.js(2,2485): error TS7006: Parameter 'e' implicitly has an 'any' type.
node_modules/@prisma/client/runtime/query_compiler_bg.postgresql.js(2,2487): error TS7006: Parameter 't' implicitly has an 'any' type.
node_modules/@prisma/client/runtime/query_compiler_bg.postgresql.js(2,2489): error TS7006: Parameter 'n' implicitly has an 'any' type.
node_modules/@prisma/client/runtime/query_compiler_bg.postgresql.js(2,2544): error TS7006: Parameter 'e' implicitly has an 'any' type.
node_modules/@prisma/client/runtime/query_compiler_bg.postgresql.js(2,2546): error TS7006: Parameter 't' implicitly has an 'any' type.
node_modules/@prisma/client/runtime/query_compiler_bg.postgresql.js(2,2548): error TS7006: Parameter 'n' implicitly has an 'any' type.
node_modules/@prisma/client/runtime/query_compiler_bg.postgresql.js(2,2570): error TS7006: Parameter 'e' implicitly has an 'any' type.
node_modules/@prisma/client/runtime/query_compiler_bg.postgresql.js(2,2572): error TS7006: Parameter 't' implicitly has an 'any' type.
node_modules/@prisma/client/runtime/query_compiler_bg.postgresql.js(2,2574): error TS7006: Parameter 'n' implicitly has an 'any' type.
node_modules/@prisma/client/runtime/query_compiler_bg.postgresql.js(2,2607): error TS7006: Parameter 'e' implicitly has an 'any' type.
node_modules/@prisma/client/runtime/query_compiler_bg.postgresql.js(2,2609): error TS7006: Parameter 't' implicitly has an 'any' type.
node_modules/@prisma/client/runtime/query_compiler_bg.postgresql.js(2,2611): error TS7006: Parameter 'n' implicitly has an 'any' type.
node_modules/@prisma/client/runtime/query_compiler_bg.postgresql.js(2,2637): error TS7006: Parameter 'e' implicitly has an 'any' type.
node_modules/@prisma/client/runtime/query_compiler_bg.postgresql.js(2,2639): error TS7006: Parameter 't' implicitly has an 'any' type.
node_modules/@prisma/client/runtime/query_compiler_bg.postgresql.js(2,2649): error TS7017: Element implicitly has an 'any' type because type 'typeof globalThis' has no index signature.
node_modules/@prisma/client/runtime/query_compiler_bg.postgresql.js(2,2708): error TS7006: Parameter 'e' implicitly has an 'any' type.
node_modules/@prisma/client/runtime/query_compiler_bg.postgresql.js(2,2710): error TS7006: Parameter 't' implicitly has an 'any' type.
node_modules/@prisma/client/runtime/query_compiler_bg.postgresql.js(2,2739): error TS7006: Parameter 'e' implicitly has an 'any' type.
node_modules/@prisma/client/runtime/query_compiler_bg.postgresql.js(2,2782): error TS7006: Parameter 'e' implicitly has an 'any' type.
node_modules/@prisma/client/runtime/query_compiler_bg.postgresql.js(2,2806): error TS7006: Parameter 'e' implicitly has an 'any' type.
node_modules/@prisma/client/runtime/query_compiler_bg.postgresql.js(2,2840): error TS7005: Variable 'o' implicitly has an 'any' type.
node_modules/@prisma/client/runtime/query_compiler_bg.postgresql.js(2,2974): error TS2303: Circular definition of import alias 'QueryCompiler'.
node_modules/@prisma/client/runtime/query_compiler_bg.postgresql.js(2,2974): error TS18004: No value exists in scope for the shorthand property 'QueryCompiler'. Either declare one or provide an initializer.
node_modules/@prisma/client/runtime/query_compiler_bg.postgresql.js(2,2988): error TS2303: Circular definition of import alias '__wbg_Error_e83987f665cf5504'.
node_modules/@prisma/client/runtime/query_compiler_bg.postgresql.js(2,2988): error TS18004: No value exists in scope for the shorthand property '__wbg_Error_e83987f665cf5504'. Either declare one or provide an initializer.
node_modules/@prisma/client/runtime/query_compiler_bg.postgresql.js(2,3017): error TS2303: Circular definition of import alias '__wbg_Number_bb48ca12f395cd08'.
node_modules/@prisma/client/runtime/query_compiler_bg.postgresql.js(2,3017): error TS18004: No value exists in scope for the shorthand property '__wbg_Number_bb48ca12f395cd08'. Either declare one or provide an initializer.
node_modules/@prisma/client/runtime/query_compiler_bg.postgresql.js(2,3047): error TS2303: Circular definition of import alias '__wbg_String_8f0eb39a4a4c2f66'.
node_modules/@prisma/client/runtime/query_compiler_bg.postgresql.js(2,3047): error TS18004: No value exists in scope for the shorthand property '__wbg_String_8f0eb39a4a4c2f66'. Either declare one or provide an initializer.
node_modules/@prisma/client/runtime/query_compiler_bg.postgresql.js(2,3077): error TS2303: Circular definition of import alias '__wbg___wbindgen_boolean_get_6d5a1ee65bab5f68'.
node_modules/@prisma/client/runtime/query_compiler_bg.postgresql.js(2,3077): error TS18004: No value exists in scope for the shorthand property '__wbg___wbindgen_boolean_get_6d5a1ee65bab5f68'. Either declare one or provide an initializer.
node_modules/@prisma/client/runtime/query_compiler_bg.postgresql.js(2,3123): error TS2303: Circular definition of import alias '__wbg___wbindgen_debug_string_df47ffb5e35e6763'.
node_modules/@prisma/client/runtime/query_compiler_bg.postgresql.js(2,3123): error TS18004: No value exists in scope for the shorthand property '__wbg___wbindgen_debug_string_df47ffb5e35e6763'. Either declare one or provide an initializer.
node_modules/@prisma/client/runtime/query_compiler_bg.postgresql.js(2,3170): error TS2303: Circular definition of import alias '__wbg___wbindgen_in_bb933bd9e1b3bc0f'.
node_modules/@prisma/client/runtime/query_compiler_bg.postgresql.js(2,3170): error TS18004: No value exists in scope for the shorthand property '__wbg___wbindgen_in_bb933bd9e1b3bc0f'. Either declare one or provide an initializer.
node_modules/@prisma/client/runtime/query_compiler_bg.postgresql.js(2,3207): error TS2303: Circular definition of import alias '__wbg___wbindgen_is_object_c818261d21f283a4'.
node_modules/@prisma/client/runtime/query_compiler_bg.postgresql.js(2,3207): error TS18004: No value exists in scope for the shorthand property '__wbg___wbindgen_is_object_c818261d21f283a4'. Either declare one or provide an initializer.
node_modules/@prisma/client/runtime/query_compiler_bg.postgresql.js(2,3251): error TS2303: Circular definition of import alias '__wbg___wbindgen_is_string_fbb76cb2940daafd'.
node_modules/@prisma/client/runtime/query_compiler_bg.postgresql.js(2,3251): error TS18004: No value exists in scope for the shorthand property '__wbg___wbindgen_is_string_fbb76cb2940daafd'. Either declare one or provide an initializer.
node_modules/@prisma/client/runtime/query_compiler_bg.postgresql.js(2,3295): error TS2303: Circular definition of import alias '__wbg___wbindgen_is_undefined_2d472862bd29a478'.
node_modules/@prisma/client/runtime/query_compiler_bg.postgresql.js(2,3295): error TS18004: No value exists in scope for the shorthand property '__wbg___wbindgen_is_undefined_2d472862bd29a478'. Either declare one or provide an initializer.
node_modules/@prisma/client/runtime/query_compiler_bg.postgresql.js(2,3342): error TS2303: Circular definition of import alias '__wbg___wbindgen_jsval_loose_eq_b664b38a2f582147'.
node_modules/@prisma/client/runtime/query_compiler_bg.postgresql.js(2,3342): error TS18004: No value exists in scope for the shorthand property '__wbg___wbindgen_jsval_loose_eq_b664b38a2f582147'. Either declare one or provide an initializer.
node_modules/@prisma/client/runtime/query_compiler_bg.postgresql.js(2,3391): error TS2303: Circular definition of import alias '__wbg___wbindgen_number_get_a20bf9b85341449d'.
node_modules/@prisma/client/runtime/query_compiler_bg.postgresql.js(2,3391): error TS18004: No value exists in scope for the shorthand property '__wbg___wbindgen_number_get_a20bf9b85341449d'. Either declare one or provide an initializer.
node_modules/@prisma/client/runtime/query_compiler_bg.postgresql.js(2,3436): error TS2303: Circular definition of import alias '__wbg___wbindgen_string_get_e4f06c90489ad01b'.
node_modules/@prisma/client/runtime/query_compiler_bg.postgresql.js(2,3436): error TS18004: No value exists in scope for the shorthand property '__wbg___wbindgen_string_get_e4f06c90489ad01b'. Either declare one or provide an initializer.
node_modules/@prisma/client/runtime/query_compiler_bg.postgresql.js(2,3481): error TS2303: Circular definition of import alias '__wbg___wbindgen_throw_b855445ff6a94295'.
node_modules/@prisma/client/runtime/query_compiler_bg.postgresql.js(2,3481): error TS18004: No value exists in scope for the shorthand property '__wbg___wbindgen_throw_b855445ff6a94295'. Either declare one or provide an initializer.
node_modules/@prisma/client/runtime/query_compiler_bg.postgresql.js(2,3521): error TS2303: Circular definition of import alias '__wbg_entries_e171b586f8f6bdbf'.
node_modules/@prisma/client/runtime/query_compiler_bg.postgresql.js(2,3521): error TS18004: No value exists in scope for the shorthand property '__wbg_entries_e171b586f8f6bdbf'. Either declare one or provide an initializer.
node_modules/@prisma/client/runtime/query_compiler_bg.postgresql.js(2,3552): error TS2303: Circular definition of import alias '__wbg_getTime_14776bfb48a1bff9'.
node_modules/@prisma/client/runtime/query_compiler_bg.postgresql.js(2,3552): error TS18004: No value exists in scope for the shorthand property '__wbg_getTime_14776bfb48a1bff9'. Either declare one or provide an initializer.
node_modules/@prisma/client/runtime/query_compiler_bg.postgresql.js(2,3583): error TS2303: Circular definition of import alias '__wbg_get_7bed016f185add81'.
node_modules/@prisma/client/runtime/query_compiler_bg.postgresql.js(2,3583): error TS18004: No value exists in scope for the shorthand property '__wbg_get_7bed016f185add81'. Either declare one or provide an initializer.
node_modules/@prisma/client/runtime/query_compiler_bg.postgresql.js(2,3610): error TS2303: Circular definition of import alias '__wbg_get_with_ref_key_1dc361bd10053bfe'.
node_modules/@prisma/client/runtime/query_compiler_bg.postgresql.js(2,3610): error TS18004: No value exists in scope for the shorthand property '__wbg_get_with_ref_key_1dc361bd10053bfe'. Either declare one or provide an initializer.
node_modules/@prisma/client/runtime/query_compiler_bg.postgresql.js(2,3650): error TS2303: Circular definition of import alias '__wbg_instanceof_ArrayBuffer_70beb1189ca63b38'.
node_modules/@prisma/client/runtime/query_compiler_bg.postgresql.js(2,3650): error TS18004: No value exists in scope for the shorthand property '__wbg_instanceof_ArrayBuffer_70beb1189ca63b38'. Either declare one or provide an initializer.
node_modules/@prisma/client/runtime/query_compiler_bg.postgresql.js(2,3696): error TS2303: Circular definition of import alias '__wbg_instanceof_Uint8Array_20c8e73002f7af98'.
node_modules/@prisma/client/runtime/query_compiler_bg.postgresql.js(2,3696): error TS18004: No value exists in scope for the shorthand property '__wbg_instanceof_Uint8Array_20c8e73002f7af98'. Either declare one or provide an initializer.
node_modules/@prisma/client/runtime/query_compiler_bg.postgresql.js(2,3741): error TS2303: Circular definition of import alias '__wbg_isSafeInteger_d216eda7911dde36'.
node_modules/@prisma/client/runtime/query_compiler_bg.postgresql.js(2,3741): error TS18004: No value exists in scope for the shorthand property '__wbg_isSafeInteger_d216eda7911dde36'. Either declare one or provide an initializer.
node_modules/@prisma/client/runtime/query_compiler_bg.postgresql.js(2,3778): error TS2303: Circular definition of import alias '__wbg_length_69bca3cb64fc8748'.
node_modules/@prisma/client/runtime/query_compiler_bg.postgresql.js(2,3778): error TS18004: No value exists in scope for the shorthand property '__wbg_length_69bca3cb64fc8748'. Either declare one or provide an initializer.
node_modules/@prisma/client/runtime/query_compiler_bg.postgresql.js(2,3808): error TS2303: Circular definition of import alias '__wbg_length_cdd215e10d9dd507'.
node_modules/@prisma/client/runtime/query_compiler_bg.postgresql.js(2,3808): error TS18004: No value exists in scope for the shorthand property '__wbg_length_cdd215e10d9dd507'. Either declare one or provide an initializer.
node_modules/@prisma/client/runtime/query_compiler_bg.postgresql.js(2,3838): error TS2303: Circular definition of import alias '__wbg_new_0_f9740686d739025c'.
node_modules/@prisma/client/runtime/query_compiler_bg.postgresql.js(2,3838): error TS18004: No value exists in scope for the shorthand property '__wbg_new_0_f9740686d739025c'. Either declare one or provide an initializer.
node_modules/@prisma/client/runtime/query_compiler_bg.postgresql.js(2,3867): error TS2303: Circular definition of import alias '__wbg_new_1acc0b6eea89d040'.
node_modules/@prisma/client/runtime/query_compiler_bg.postgresql.js(2,3867): error TS18004: No value exists in scope for the shorthand property '__wbg_new_1acc0b6eea89d040'. Either declare one or provide an initializer.
node_modules/@prisma/client/runtime/query_compiler_bg.postgresql.js(2,3894): error TS2303: Circular definition of import alias '__wbg_new_5a79be3ab53b8aa5'.
node_modules/@prisma/client/runtime/query_compiler_bg.postgresql.js(2,3894): error TS18004: No value exists in scope for the shorthand property '__wbg_new_5a79be3ab53b8aa5'. Either declare one or provide an initializer.
node_modules/@prisma/client/runtime/query_compiler_bg.postgresql.js(2,3921): error TS2303: Circular definition of import alias '__wbg_new_68651c719dcda04e'.
node_modules/@prisma/client/runtime/query_compiler_bg.postgresql.js(2,3921): error TS18004: No value exists in scope for the shorthand property '__wbg_new_68651c719dcda04e'. Either declare one or provide an initializer.
node_modules/@prisma/client/runtime/query_compiler_bg.postgresql.js(2,3948): error TS2303: Circular definition of import alias '__wbg_new_e17d9f43105b08be'.
node_modules/@prisma/client/runtime/query_compiler_bg.postgresql.js(2,3948): error TS18004: No value exists in scope for the shorthand property '__wbg_new_e17d9f43105b08be'. Either declare one or provide an initializer.
node_modules/@prisma/client/runtime/query_compiler_bg.postgresql.js(2,3975): error TS2303: Circular definition of import alias '__wbg_prototypesetcall_2a6620b6922694b2'.
node_modules/@prisma/client/runtime/query_compiler_bg.postgresql.js(2,3975): error TS18004: No value exists in scope for the shorthand property '__wbg_prototypesetcall_2a6620b6922694b2'. Either declare one or provide an initializer.
node_modules/@prisma/client/runtime/query_compiler_bg.postgresql.js(2,4015): error TS2303: Circular definition of import alias '__wbg_set_3f1d0b984ed272ed'.
node_modules/@prisma/client/runtime/query_compiler_bg.postgresql.js(2,4015): error TS18004: No value exists in scope for the shorthand property '__wbg_set_3f1d0b984ed272ed'. Either declare one or provide an initializer.
node_modules/@prisma/client/runtime/query_compiler_bg.postgresql.js(2,4042): error TS2303: Circular definition of import alias '__wbg_set_907fb406c34a251d'.
node_modules/@prisma/client/runtime/query_compiler_bg.postgresql.js(2,4042): error TS18004: No value exists in scope for the shorthand property '__wbg_set_907fb406c34a251d'. Either declare one or provide an initializer.
node_modules/@prisma/client/runtime/query_compiler_bg.postgresql.js(2,4069): error TS2303: Circular definition of import alias '__wbg_set_c213c871859d6500'.
node_modules/@prisma/client/runtime/query_compiler_bg.postgresql.js(2,4069): error TS18004: No value exists in scope for the shorthand property '__wbg_set_c213c871859d6500'. Either declare one or provide an initializer.
node_modules/@prisma/client/runtime/query_compiler_bg.postgresql.js(2,4096): error TS2303: Circular definition of import alias '__wbg_set_message_82ae475bb413aa5c'.
node_modules/@prisma/client/runtime/query_compiler_bg.postgresql.js(2,4096): error TS18004: No value exists in scope for the shorthand property '__wbg_set_message_82ae475bb413aa5c'. Either declare one or provide an initializer.
node_modules/@prisma/client/runtime/query_compiler_bg.postgresql.js(2,4131): error TS2303: Circular definition of import alias '__wbg_set_wasm'.
node_modules/@prisma/client/runtime/query_compiler_bg.postgresql.js(2,4131): error TS18004: No value exists in scope for the shorthand property '__wbg_set_wasm'. Either declare one or provide an initializer.
node_modules/@prisma/client/runtime/query_compiler_bg.postgresql.js(2,4146): error TS2303: Circular definition of import alias '__wbindgen_cast_2241b6af4c4b2941'.
node_modules/@prisma/client/runtime/query_compiler_bg.postgresql.js(2,4146): error TS18004: No value exists in scope for the shorthand property '__wbindgen_cast_2241b6af4c4b2941'. Either declare one or provide an initializer.
node_modules/@prisma/client/runtime/query_compiler_bg.postgresql.js(2,4179): error TS2303: Circular definition of import alias '__wbindgen_cast_4625c577ab2ec9ee'.
node_modules/@prisma/client/runtime/query_compiler_bg.postgresql.js(2,4179): error TS18004: No value exists in scope for the shorthand property '__wbindgen_cast_4625c577ab2ec9ee'. Either declare one or provide an initializer.
node_modules/@prisma/client/runtime/query_compiler_bg.postgresql.js(2,4212): error TS2303: Circular definition of import alias '__wbindgen_cast_9ae0607507abb057'.
node_modules/@prisma/client/runtime/query_compiler_bg.postgresql.js(2,4212): error TS18004: No value exists in scope for the shorthand property '__wbindgen_cast_9ae0607507abb057'. Either declare one or provide an initializer.
node_modules/@prisma/client/runtime/query_compiler_bg.postgresql.js(2,4245): error TS2303: Circular definition of import alias '__wbindgen_cast_d6cd19b81560fd6e'.
node_modules/@prisma/client/runtime/query_compiler_bg.postgresql.js(2,4245): error TS18004: No value exists in scope for the shorthand property '__wbindgen_cast_d6cd19b81560fd6e'. Either declare one or provide an initializer.
node_modules/@prisma/client/runtime/query_compiler_bg.postgresql.js(2,4278): error TS2303: Circular definition of import alias '__wbindgen_init_externref_table'.
node_modules/@prisma/client/runtime/query_compiler_bg.postgresql.js(2,4278): error TS18004: No value exists in scope for the shorthand property '__wbindgen_init_externref_table'. Either declare one or provide an initializer.
src/admin/controller/session.controller.ts(64,30): error TS6133: 'req' is declared but its value is never read.
src/admin/controller/session.controller.ts(91,28): error TS6133: 'req' is declared but its value is never read.
src/admin/dtos/admin.create.dto.ts(6,3): error TS6133: 'IsBoolean' is declared but its value is never read.
src/admin/dtos/admin.create.dto.ts(18,12): error TS6133: 'value' is declared but its value is never read.
src/admin/dtos/admin.create.dto.ts(23,18): error TS6133: 'args' is declared but its value is never read.
src/admin/GeneralSetting/controller/general.setting.controller.ts(19,24): error TS6133: 'req' is declared but its value is never read.
src/admin/GeneralSetting/repo/generalSetting.repo.ts(1,24): error TS2307: Cannot find module '../../config/db' or its corresponding type declarations.
src/admin/middlewares/requiredUser.ts(5,30): error TS6133: 'req' is declared but its value is never read.
src/admin/routes/admin.routes.ts(4,1): error TS6133: 'log' is declared but its value is never read.
src/admin/services/admin.service.ts(4,1): error TS6133: 'DeleteAdminDto' is declared but its value is never read.
src/admin/services/session.service.ts(2,1): error TS6133: 'Prisma' is declared but its value is never read.
src/admin/services/session.service.ts(5,1): error TS6133: 'AppSuccess' is declared but its value is never read.
src/admin/services/session.service.ts(8,1): error TS6133: 'log' is declared but its value is never read.
src/admin/services/session.service.ts(24,13): error TS6133: 'email' is declared but its value is never read.
src/admin/services/session.service.ts(35,53): error TS2345: Argument of type 'string | null' is not assignable to parameter of type 'string'.
  Type 'null' is not assignable to type 'string'.
src/app.ts(2,1): error TS6133: 'cors' is declared but its value is never read.
src/app.ts(5,19): error TS6133: 'Response' is declared but its value is never read.
src/plans/services/plan.service.ts(4,1): error TS6133: 'DeletePlanDto' is declared but its value is never read.
src/Users/controller/user.controller.ts(15,34): error TS7006: Parameter 'd' implicitly has an 'any' type.
src/Users/midleware/user.auth.ts(2,34): error TS2307: Cannot find module '../../utility/jwt' or its corresponding type declarations.
src/Users/repo/user.repo.ts(1,24): error TS2307: Cannot find module './../../config/db' or its corresponding type declarations.
src/Users/repo/user.repo.ts(2,34): error TS2307: Cannot find module '../../utility/getUserId' or its corresponding type declarations.
src/Users/validation/user.validate.ts(1,17): error TS2307: Cannot find module 'joi' or its corresponding type declarations.
src/utils/appError.ts(3,5): error TS1294: This syntax is not allowed when 'erasableSyntaxOnly' is enabled.
src/utils/appError.ts(4,5): error TS1294: This syntax is not allowed when 'erasableSyntaxOnly' is enabled.
src/utils/appError.ts(5,5): error TS1294: This syntax is not allowed when 'erasableSyntaxOnly' is enabled.
src/utils/appSuccess.ts(3,5): error TS1294: This syntax is not allowed when 'erasableSyntaxOnly' is enabled.
src/utils/appSuccess.ts(4,5): error TS1294: This syntax is not allowed when 'erasableSyntaxOnly' is enabled.
src/utils/appSuccess.ts(5,5): error TS1294: This syntax is not allowed when 'erasableSyntaxOnly' is enabled.
src/utils/appSuccess.ts(6,5): error TS1294: This syntax is not allowed when 'erasableSyntaxOnly' is enabled.
src/utils/middleware/errorHandler.ts(7,3): error TS6133: 'req' is declared but its value is never read.
src/utils/middleware/errorHandler.ts(9,3): error TS6133: 'next' is declared but its value is never read.
src/utils/middleware/getUserId.ts(15,40): error TS6133: 'userId' is declared but its value is never read.
